X [ERROR] Cannot read directory "../../..": Access is denied.

X [ERROR] Could not resolve "C:\\Users\\Markimus\\.buzz\\REPOS\\jgun-portfolio\\vite.config.ts"

failed to load config from C:\Users\Markimus\.buzz\REPOS\jgun-portfolio\vite.config.ts
C:\Users\Markimus\.buzz\REPOS\jgun-portfolio\node_modules\esbuild\lib\main.js:1752
  let error = new Error(text);
              ^

Error: Build failed with 2 errors:
error: Cannot read directory "../../..": Access is denied.
error: Could not resolve "C:\\Users\\Markimus\\.buzz\\REPOS\\jgun-portfolio\\vite.config.ts"
    at failureErrorWithLog (C:\Users\Markimus\.buzz\REPOS\jgun-portfolio\node_modules\esbuild\lib\main.js:1752:15)
    at C:\Users\Markimus\.buzz\REPOS\jgun-portfolio\node_modules\esbuild\lib\main.js:1211:25
    at runOnEndCallbacks (C:\Users\Markimus\.buzz\REPOS\jgun-portfolio\node_modules\esbuild\lib\main.js:1592:45)
    at buildResponseToResult (C:\Users\Markimus\.buzz\REPOS\jgun-portfolio\node_modules\esbuild\lib\main.js:1209:7)
    at C:\Users\Markimus\.buzz\REPOS\jgun-portfolio\node_modules\esbuild\lib\main.js:1236:16
    at responseCallbacks.<computed> (C:\Users\Markimus\.buzz\REPOS\jgun-portfolio\node_modules\esbuild\lib\main.js:886:9)
    at handleIncomingPacket (C:\Users\Markimus\.buzz\REPOS\jgun-portfolio\node_modules\esbuild\lib\main.js:941:12)
    at Socket.readFromStdout (C:\Users\Markimus\.buzz\REPOS\jgun-portfolio\node_modules\esbuild\lib\main.js:864:7)
    at Socket.emit (node:events:519:28)
    at addChunk (node:internal/streams/readable:561:12) {
  errors: [Getter/Setter],
  warnings: [Getter/Setter]
}

Node.js v22.23.2
