
> jgun-portfolio@0.1.0 build
> tsc && vite build

[36mvite v7.3.6 [32mbuilding client environment for production...[36m[39m
transforming...
[32m✓[39m 716 modules transformed.
rendering chunks...
computing gzip size...
[2mdist/[22m[32mindex.html                               [39m[1m[2m  2.73 kB[22m[1m[22m[2m │ gzip:   0.94 kB[22m
[2mdist/[22m[32mquiet-machine/index.html                 [39m[1m[2m  3.50 kB[22m[1m[22m[2m │ gzip:   1.23 kB[22m
[2mdist/[22m[32massets/draco_wasm_wrapper-fZCQGLGb.js    [39m[1m[2m 58.46 kB[22m[1m[22m
[2mdist/[22m[32massets/draco_wasm_wrapper-DxJM36Ib.js    [39m[1m[2m 58.76 kB[22m[1m[22m
[2mdist/[22m[32massets/draco_decoder-Z1_iN-Ht.wasm       [39m[1m[2m192.42 kB[22m[1m[22m[2m │ gzip:  63.46 kB[22m
[2mdist/[22m[32massets/draco_decoder-C32yEggz.wasm       [39m[1m[2m285.75 kB[22m[1m[22m[2m │ gzip:  88.64 kB[22m
[2mdist/[22m[32massets/draco_decoder-fzg4nYZr.js         [39m[1m[2m719.41 kB[22m[1m[22m
[2mdist/[22m[35massets/QuietMachinePreview-KK_fAZmk.css  [39m[1m[2m  3.77 kB[22m[1m[22m[2m │ gzip:   1.28 kB[22m
[2mdist/[22m[35massets/RingInspection-Bgb0Kbjs.css       [39m[1m[2m 11.70 kB[22m[1m[22m[2m │ gzip:   3.02 kB[22m
[2mdist/[22m[35massets/index-CddUWpSY.css                [39m[1m[2m 40.51 kB[22m[1m[22m[2m │ gzip:   7.78 kB[22m
[2mdist/[22m[36massets/quiet-machine-BWJnNriG.js         [39m[1m[2m  0.28 kB[22m[1m[22m[2m │ gzip:   0.23 kB[22m
[2mdist/[22m[36massets/vanilla-m3Xdu9cz.js               [39m[1m[2m  0.34 kB[22m[1m[22m[2m │ gzip:   0.25 kB[22m
[2mdist/[22m[36massets/BootSequence-ClVDIdrs.js          [39m[1m[2m  3.09 kB[22m[1m[22m[2m │ gzip:   1.59 kB[22m
[2mdist/[22m[36massets/script-DU4AEaSC.js                [39m[1m[2m  3.36 kB[22m[1m[22m[2m │ gzip:   1.70 kB[22m
[2mdist/[22m[36massets/QuietMachinePreview-Cnz39bhX.js   [39m[1m[2m 11.54 kB[22m[1m[22m[2m │ gzip:   4.90 kB[22m
[2mdist/[22m[36massets/RingInspection-c1DPe6zD.js        [39m[1m[2m 19.16 kB[22m[1m[22m[2m │ gzip:   6.40 kB[22m
[2mdist/[22m[36massets/ScrollRig-CaDmxYtw.js             [39m[1m[2m 20.92 kB[22m[1m[22m[2m │ gzip:   6.41 kB[22m
[2mdist/[22m[36massets/QuietMachineScene-DEn7DCL1.js     [39m[1m[2m 30.95 kB[22m[1m[22m[2m │ gzip:  12.23 kB[22m
[2mdist/[22m[36massets/ScrollTrigger-a3sj5zmn.js         [39m[1m[2m114.01 kB[22m[1m[22m[2m │ gzip:  45.16 kB[22m
[2mdist/[22m[36massets/index-fDwt6Stp.js                 [39m[1m[2m194.38 kB[22m[1m[22m[2m │ gzip:  61.17 kB[22m
[2mdist/[22m[36massets/jgun-Ba6L82Xq.js                  [39m[1m[2m210.17 kB[22m[1m[22m[2m │ gzip:  84.69 kB[22m
[2mdist/[22m[36massets/sectionRenderPass-BjkEJ9ds.js     [39m[1m[2m318.39 kB[22m[1m[22m[2m │ gzip:  94.40 kB[22m
[2mdist/[22m[36massets/SceneCanvas-BzLnMgJ-.js           [39m[1m[2m469.40 kB[22m[1m[22m[2m │ gzip: 168.12 kB[22m
[2mdist/[22m[36massets/BufferGeometryUtils-BUJYWEXN.js   [39m[1m[33m739.12 kB[39m[22m[2m │ gzip: 191.39 kB[22m
[33m
(!) Some chunks are larger than 500 kB after minification. Consider:
- Using dynamic import() to code-split the application
- Use build.rollupOptions.output.manualChunks to improve chunking: https://rollupjs.org/configuration-options/#output-manualchunks
- Adjust chunk size limit for this warning via build.chunkSizeWarningLimit.[39m
[32m✓ built in 13.90s[39m
