00:02.891  blend            | Read blend: "C:\Projects\CAD\jgun-input-shaft-hobbed\shifted\input-shaft-assembly-parts-v1.blend"
Warning: File written by newer Blender binary (502.45), expect loss of data!
CLEANED legacyshaft {"vertices": 6338, "faces": 12671, "triangles": 12671, "boundary_edges": 3, "overfull_edges": 0, "wire_edges": 0, "volume_mm3": 8364.827460153583, "bounds_mm": [[-8.864600211381912, -0.00011161318980157375, -8.864577859640121], [8.864600211381912, 71.52394950389862, 8.864238858222961]]}
CLEANED approvedshaft {"vertices": 69972, "faces": 125906, "triangles": 139886, "boundary_edges": 0, "overfull_edges": 0, "wire_edges": 0, "volume_mm3": 8109.727537318418, "bounds_mm": [[-8.864600211381912, -0.00011161318980157375, -8.864577859640121], [8.864600211381912, 71.52394950389862, 8.864238858222961]]}
CLEANED housing {"vertices": 9834, "faces": 19692, "triangles": 19692, "boundary_edges": 24, "overfull_edges": 0, "wire_edges": 0, "volume_mm3": 12342.535048679862, "bounds_mm": [[-21.667493507266045, -9.073697030544281, -21.66750840842724], [21.667692810297012, 34.18272361159325, 21.667521446943283]]}
CLEANED legacybearing {"vertices": 928, "faces": 1856, "triangles": 1856, "boundary_edges": 0, "overfull_edges": 0, "wire_edges": 0, "volume_mm3": 558.4610804073124, "bounds_mm": [[-9.521102532744408, 12.903198599815369, -9.52189601957798], [9.521693922579288, 16.865598037838936, 9.521815925836563]]}
CLEANED legacyring {"vertices": 208, "faces": 412, "triangles": 412, "boundary_edges": 0, "overfull_edges": 0, "wire_edges": 0, "volume_mm3": 49.05352496184677, "bounds_mm": [[-7.432611659169197, 11.849098838865757, -7.439469452947378], [7.436415646225214, 12.78915349394083, 7.441826164722443]]}
CLEANED approvedbearing {"vertices": 928, "faces": 1856, "triangles": 1856, "boundary_edges": 0, "overfull_edges": 0, "wire_edges": 0, "volume_mm3": 558.4610259428541, "bounds_mm": [[-9.521102532744408, 15.653198584914207, -9.52189601957798], [9.521693922579288, 19.615598022937775, 9.521815925836563]]}
CLEANED approvedring {"vertices": 208, "faces": 412, "triangles": 412, "boundary_edges": 0, "overfull_edges": 0, "wire_edges": 0, "volume_mm3": 49.05352496184669, "bounds_mm": [[-7.432611659169197, 14.599098823964596, -7.439469452947378], [7.436415646225214, 15.539153479039669, 7.441826164722443]]}
C:\Users\Markimus\.buzz\REPOS\jgun-portfolio\scripts\manufacturing\export_study.py:673: DeprecationWarning: 'Material.use_nodes' is expected to be removed in Blender 6.0
  material.use_nodes = True
INFO Draco mesh compression is available, use library at C:\Program Files\Blender Foundation\Blender 5.1\5.1\scripts\addons_core\io_scene_gltf2\extern_draco.dll
DISSOLVE full-dissolve2-ramp {"below3": 299, "tooth": 8682, "ramp": 91646, "journal": 876, "above20": 7284, "spanning": 3009, "total": 111796}
LADDER full {"profile": "full-dissolve2-ramp", "index": 0, "triangles": 47976, "sections_max_mm": 0.00649877130810023, "runout_max_mm": 0.0004840030850967736, "silhouette_max_mm": 0.0, "tooth_count": 10, "clock_delta_degrees": 0.0, "within_limit": true}
PLANAR 15000 triangles=19382
INFO Draco mesh compression is available, use library at C:\Program Files\Blender Foundation\Blender 5.1\5.1\scripts\addons_core\io_scene_gltf2\extern_draco.dll
16:06:50 | INFO: Starting glTF 2.0 export
16:06:50 | INFO: Extracting primitive: derived_shaded
16:06:50 | INFO: Primitives created: 1
16:06:50 | INFO: Extracting primitive: derived_shaded.001
16:06:50 | INFO: Primitives created: 1
16:06:50 | INFO: Extracting primitive: derived_shaded.002
16:06:50 | INFO: Primitives created: 1
16:06:50 | INFO: Extracting primitive: derived_shaded.003
16:06:50 | INFO: Primitives created: 1
16:06:50 | INFO: Extracting primitive: derived_shaded.004
16:06:50 | INFO: Primitives created: 1
16:06:50 | INFO: Extracting primitive: derived_shaded.005
16:06:50 | INFO: Primitives created: 1
16:06:50 | INFO: Extracting primitive: derived_shaded.006
16:06:50 | INFO: Primitives created: 1
16:06:51 | INFO: Draco encoder: Encoding mesh legacyshaft.
16:06:51 | INFO: Draco encoder: Encoding mesh approvedshaft.
16:06:51 | INFO: Draco encoder: Encoding mesh housing.
16:06:51 | INFO: Draco encoder: Encoding mesh legacybearing.
16:06:51 | INFO: Draco encoder: Encoding mesh legacyring.
16:06:51 | INFO: Draco encoder: Encoding mesh approvedbearing.
16:06:51 | INFO: Draco encoder: Encoding mesh approvedring.
16:06:51 | INFO: Finished glTF 2.0 export in 0.3209872245788574 s

16:06:51 | INFO: Data are loaded, start creating Blender stuff
16:06:51 | INFO: Blender create Mesh node derived_shaded
16:06:51 | INFO: Draco Decoder: Decode primitive derived_shaded
16:06:51 | INFO: Blender create Mesh node derived_shaded.001
16:06:51 | INFO: Draco Decoder: Decode primitive derived_shaded.001
16:06:51 | INFO: Blender create Mesh node derived_shaded.002
16:06:51 | INFO: Draco Decoder: Decode primitive derived_shaded.002
16:06:51 | INFO: Blender create Mesh node derived_shaded.003
16:06:51 | INFO: Draco Decoder: Decode primitive derived_shaded.003
16:06:51 | INFO: Blender create Mesh node derived_shaded.004
16:06:51 | INFO: Draco Decoder: Decode primitive derived_shaded.004
16:06:51 | INFO: Blender create Mesh node derived_shaded.005
16:06:51 | INFO: Draco Decoder: Decode primitive derived_shaded.005
16:06:51 | INFO: Blender create Mesh node derived_shaded.006
16:06:51 | INFO: Draco Decoder: Decode primitive derived_shaded.006
16:06:51 | INFO: glTF import finished in 0.45s
MEASURED full legacyshaft surface=0.0039735259633744135 sections=0.0009857030925044853 runout=0.0004358812425175884 silhouette=0.000412575900554657 ok=True
MEASURED full approvedshaft surface=0.007945464858494233 sections=0.006531908354432385 runout=0.0004818829183932394 silhouette=3.166496753692627e-05 ok=True
MEASURED full housing max_mm=0.016469715774292126 ok=True
MEASURED full legacybearing max_mm=0.0008645022830933158 ok=True
MEASURED full legacyring max_mm=0.0006891409611853305 ok=True
MEASURED full approvedbearing max_mm=0.0008645022830933158 ok=True
MEASURED full approvedring max_mm=0.0006891409611853305 ok=True
DISSOLVE lite-dissolve10-regional {"below3": 299, "tooth": 5291, "ramp": 70872, "journal": 872, "above20": 6882, "spanning": 3104, "total": 87320}
LADDER lite {"profile": "lite-dissolve10-regional", "index": 0, "triangles": 14499, "sections_max_mm": 0.10124580102809046, "runout_max_mm": 0.009004679486244171, "silhouette_max_mm": 0.0, "tooth_count": 10, "clock_delta_degrees": 0.0, "within_limit": false}
DISSOLVE lite-dissolve20-regional {"below3": 299, "tooth": 4603, "ramp": 45898, "journal": 864, "above20": 6656, "spanning": 3030, "total": 61350}
LADDER lite {"profile": "lite-dissolve20-regional", "index": 1, "triangles": 14499, "sections_max_mm": 0.04487667492761767, "runout_max_mm": 0.008832285159206421, "silhouette_max_mm": 0.0, "tooth_count": 10, "clock_delta_degrees": 0.0, "within_limit": true}
PLANAR 15000 triangles=19382
16:09:30 | INFO: Starting glTF 2.0 export
16:09:30 | INFO: Extracting primitive: derived_shaded.025
16:09:30 | INFO: Primitives created: 1
16:09:30 | INFO: Extracting primitive: derived_shaded.026
16:09:30 | INFO: Primitives created: 1
16:09:30 | INFO: Extracting primitive: derived_shaded.027
16:09:30 | INFO: Primitives created: 1
16:09:30 | INFO: Extracting primitive: derived_shaded.028
16:09:30 | INFO: Primitives created: 1
16:09:30 | INFO: Extracting primitive: derived_shaded.029
16:09:30 | INFO: Primitives created: 1
16:09:30 | INFO: Extracting primitive: derived_shaded.030
16:09:30 | INFO: Primitives created: 1
16:09:30 | INFO: Extracting primitive: derived_shaded.031
16:09:30 | INFO: Primitives created: 1
16:09:30 | INFO: Draco encoder: Encoding mesh legacyshaft.
16:09:30 | INFO: Draco encoder: Encoding mesh approvedshaft.
16:09:30 | INFO: Draco encoder: Encoding mesh housing.
16:09:30 | INFO: Draco encoder: Encoding mesh legacybearing.
16:09:30 | INFO: Draco encoder: Encoding mesh legacyring.
16:09:30 | INFO: Draco encoder: Encoding mesh approvedbearing.
16:09:30 | INFO: Draco encoder: Encoding mesh approvedring.
16:09:30 | INFO: Finished glTF 2.0 export in 0.17578792572021484 s

16:09:30 | INFO: Data are loaded, start creating Blender stuff
16:09:30 | INFO: Blender create Mesh node derived_shaded.025
16:09:30 | INFO: Draco Decoder: Decode primitive derived_shaded.025
16:09:30 | INFO: Blender create Mesh node derived_shaded.026
16:09:30 | INFO: Draco Decoder: Decode primitive derived_shaded.026
16:09:31 | INFO: Blender create Mesh node derived_shaded.027
16:09:31 | INFO: Draco Decoder: Decode primitive derived_shaded.027
16:09:31 | INFO: Blender create Mesh node derived_shaded.028
16:09:31 | INFO: Draco Decoder: Decode primitive derived_shaded.028
16:09:31 | INFO: Blender create Mesh node derived_shaded.029
16:09:31 | INFO: Draco Decoder: Decode primitive derived_shaded.029
16:09:31 | INFO: Blender create Mesh node derived_shaded.030
16:09:31 | INFO: Draco Decoder: Decode primitive derived_shaded.030
16:09:31 | INFO: Blender create Mesh node derived_shaded.031
16:09:31 | INFO: Draco Decoder: Decode primitive derived_shaded.031
16:09:31 | INFO: glTF import finished in 0.26s
MEASURED lite legacyshaft surface=0.0039735259633744135 sections=0.0009857030925044853 runout=0.0004358812425175884 silhouette=0.000412575900554657 ok=True
MEASURED lite approvedshaft surface=0.053195377404335886 sections=0.04486114000852433 runout=0.008807084187862024 silhouette=3.166496753692627e-05 ok=True
MEASURED lite housing max_mm=0.016469715774292126 ok=True
MEASURED lite legacybearing max_mm=0.0008645022830933158 ok=True
MEASURED lite legacyring max_mm=0.0006891409611853305 ok=True
MEASURED lite approvedbearing max_mm=0.0008645022830933158 ok=True
MEASURED lite approvedring max_mm=0.0006891409611853305 ok=True
CORE_ASSETS {"full": {"bytes": 537164, "triangles": 80183, "published": true}, "lite": {"bytes": 384232, "triangles": 46706, "published": true}}
Blender 5.1.1 (hash b70da489d7f4 built 2026-04-14 01:37:22)
DracoEncoder | Preserve triangle order: no
DracoEncoder | Encoded 9393 vertices, 38013 indices, raw size: 301458, encoded size: 88010, compression ratio: 3.43
DracoEncoder | Preserve triangle order: no
DracoEncoder | Encoded 32275 vertices, 143928 indices, raw size: 1061112, encoded size: 266526, compression ratio: 3.98
DracoEncoder | Preserve triangle order: no
DracoEncoder | Encoded 14586 vertices, 45000 indices, raw size: 439848, encoded size: 140508, compression ratio: 3.13
DracoEncoder | Preserve triangle order: no
DracoEncoder | Encoded 1856 vertices, 5568 indices, raw size: 55680, encoded size: 14740, compression ratio: 3.78
DracoEncoder | Preserve triangle order: no
DracoEncoder | Encoded 420 vertices, 1236 indices, raw size: 12552, encoded size: 3189, compression ratio: 3.94
DracoEncoder | Preserve triangle order: no
DracoEncoder | Encoded 1856 vertices, 5568 indices, raw size: 55680, encoded size: 14737, compression ratio: 3.78
DracoEncoder | Preserve triangle order: no
DracoEncoder | Encoded 420 vertices, 1236 indices, raw size: 12552, encoded size: 3193, compression ratio: 3.93
DracoDecoder | Decoded 9393 vertices, 38013 indices
DracoDecoder | Decoded 32275 vertices, 143928 indices
DracoDecoder | Decoded 14586 vertices, 45000 indices
DracoDecoder | Decoded 1856 vertices, 5568 indices
DracoDecoder | Decoded 420 vertices, 1236 indices
DracoDecoder | Decoded 1856 vertices, 5568 indices
DracoDecoder | Decoded 420 vertices, 1236 indices
DracoEncoder | Preserve triangle order: no
DracoEncoder | Encoded 9393 vertices, 38013 indices, raw size: 301458, encoded size: 88010, compression ratio: 3.43
DracoEncoder | Preserve triangle order: no
DracoEncoder | Encoded 12393 vertices, 43497 indices, raw size: 384042, encoded size: 113592, compression ratio: 3.38
DracoEncoder | Preserve triangle order: no
DracoEncoder | Encoded 14586 vertices, 45000 indices, raw size: 439848, encoded size: 140508, compression ratio: 3.13
DracoEncoder | Preserve triangle order: no
DracoEncoder | Encoded 1856 vertices, 5568 indices, raw size: 55680, encoded size: 14740, compression ratio: 3.78
DracoEncoder | Preserve triangle order: no
DracoEncoder | Encoded 420 vertices, 1236 indices, raw size: 12552, encoded size: 3189, compression ratio: 3.94
DracoEncoder | Preserve triangle order: no
DracoEncoder | Encoded 1856 vertices, 5568 indices, raw size: 55680, encoded size: 14737, compression ratio: 3.78
DracoEncoder | Preserve triangle order: no
DracoEncoder | Encoded 420 vertices, 1236 indices, raw size: 12552, encoded size: 3193, compression ratio: 3.93
DracoDecoder | Decoded 9393 vertices, 38013 indices
DracoDecoder | Decoded 12393 vertices, 43497 indices
DracoDecoder | Decoded 14586 vertices, 45000 indices
DracoDecoder | Decoded 1856 vertices, 5568 indices
DracoDecoder | Decoded 420 vertices, 1236 indices
DracoDecoder | Decoded 1856 vertices, 5568 indices
DracoDecoder | Decoded 420 vertices, 1236 indices

Blender quit
