
> jgun-portfolio@0.1.0 build
> tsc && vite build

vite v7.3.6 building client environment for production...
transforming...
✓ 686 modules transformed.
rendering chunks...
computing gzip size...
dist/index.html                                 2.12 kB │ gzip:   0.69 kB
dist/assets/draco_wasm_wrapper-fZCQGLGb.js     58.46 kB
dist/assets/draco_wasm_wrapper-DxJM36Ib.js     58.76 kB
dist/assets/draco_decoder-Z1_iN-Ht.wasm       192.42 kB │ gzip:  63.46 kB
dist/assets/draco_decoder-C32yEggz.wasm       285.75 kB │ gzip:  88.64 kB
dist/assets/draco_decoder-fzg4nYZr.js         719.41 kB
dist/assets/QuietMachinePreview-TUd1Nev4.css    2.60 kB │ gzip:   0.98 kB
dist/assets/RingInspection-16lDcTX3.css         2.83 kB │ gzip:   1.02 kB
dist/assets/index-DEfPIXQ0.css                 52.51 kB │ gzip:   9.69 kB
dist/assets/BootSequence-Dq4K1Zs-.js            3.02 kB │ gzip:   1.55 kB
dist/assets/RingInspection-D3Sn8cMS.js          5.81 kB │ gzip:   2.34 kB
dist/assets/QuietMachinePreview-CMvYIl1G.js     6.51 kB │ gzip:   3.00 kB
dist/assets/ScrollRig-BcEWLA8j.js              20.84 kB │ gzip:   6.35 kB
dist/assets/QuietMachineScene-DbTysi4C.js      30.91 kB │ gzip:  12.21 kB
dist/assets/ScrollTrigger-a3sj5zmn.js         114.01 kB │ gzip:  45.16 kB
dist/assets/index-DrBrojri.js                 251.90 kB │ gzip:  80.86 kB
dist/assets/vanilla-B5jEcF4r.js               380.08 kB │ gzip: 103.17 kB
dist/assets/SceneCanvas-C0KAJ1cZ.js           418.68 kB │ gzip: 147.10 kB
dist/assets/sectionRenderPass-BNoT9N4h.js     684.62 kB │ gzip: 185.89 kB

(!) Some chunks are larger than 500 kB after minification. Consider:
- Using dynamic import() to code-split the application
- Use build.rollupOptions.output.manualChunks to improve chunking: https://rollupjs.org/configuration-options/#output-manualchunks
- Adjust chunk size limit for this warning via build.chunkSizeWarningLimit.
✓ built in 10.50s
