{
  "pass": true,
  "controls": [
    {
      "layout": "desktop",
      "name": "failed-4140",
      "law_delta_px": 1.3073986337985843e-12,
      "decode_delta_px": 0
    },
    {
      "layout": "desktop",
      "name": "failed-4340",
      "law_delta_px": 1.3073986337985843e-12,
      "decode_delta_px": 0
    },
    {
      "layout": "desktop",
      "name": "failed-c300",
      "law_delta_px": 1.3073986337985843e-12,
      "decode_delta_px": 0
    },
    {
      "layout": "desktop",
      "name": "revised-4340",
      "law_delta_px": 5.684341886080801e-13,
      "decode_delta_px": 1.0231815394945443e-12
    },
    {
      "layout": "narrow",
      "name": "failed-4140",
      "law_delta_px": 1.4779288903810084e-12,
      "decode_delta_px": 0
    },
    {
      "layout": "narrow",
      "name": "failed-4340",
      "law_delta_px": 1.4779288903810084e-12,
      "decode_delta_px": 0
    },
    {
      "layout": "narrow",
      "name": "failed-c300",
      "law_delta_px": 1.4779288903810084e-12,
      "decode_delta_px": 0
    },
    {
      "layout": "narrow",
      "name": "revised-4340",
      "law_delta_px": 3.410605131648481e-13,
      "decode_delta_px": 3.410605131648481e-13
    }
  ],
  "current": [
    {
      "layout": "desktop",
      "name": "failed-4140",
      "bounds": {
        "min": [
          162.5557104147767,
          150.9091295866898
        ],
        "max": [
          510.4714136320789,
          581.3277626861823
        ]
      },
      "clearances": {
        "header": 75.1122545866898,
        "copy": 21.5185045866898,
        "card": 394.3410863679211,
        "footer": 15.172237313817732
      },
      "pass": true
    },
    {
      "layout": "desktop",
      "name": "failed-4340",
      "bounds": {
        "min": [
          162.5557104147767,
          150.9091295866898
        ],
        "max": [
          510.4714136320789,
          581.3277626861823
        ]
      },
      "clearances": {
        "header": 75.1122545866898,
        "copy": 21.5185045866898,
        "card": 394.3410863679211,
        "footer": 15.172237313817732
      },
      "pass": true
    },
    {
      "layout": "desktop",
      "name": "failed-c300",
      "bounds": {
        "min": [
          162.5557104147767,
          150.9091295866898
        ],
        "max": [
          510.4714136320789,
          581.3277626861823
        ]
      },
      "clearances": {
        "header": 75.1122545866898,
        "copy": 21.5185045866898,
        "card": 394.3410863679211,
        "footer": 15.172237313817732
      },
      "pass": true
    },
    {
      "layout": "desktop",
      "name": "revised-4340",
      "bounds": {
        "min": [
          309.8122762954568,
          153.7469372544211
        ],
        "max": [
          767.183750448023,
          582.3985406739861
        ]
      },
      "clearances": {
        "header": 77.95006225442111,
        "copy": 24.356312254421113,
        "card": 137.62874955197697,
        "footer": 14.101459326013924
      },
      "pass": true
    },
    {
      "layout": "narrow",
      "name": "failed-4140",
      "bounds": {
        "min": [
          124.47674765509201,
          352.46180715361044
        ],
        "max": [
          251.58014814530895,
          516.1410830139212
        ]
      },
      "clearances": {
        "header": 258.46180715361044,
        "copy": 208.08680715361044,
        "card": 12.493057153610437,
        "footer": 13.358916986078839
      },
      "pass": true
    },
    {
      "layout": "narrow",
      "name": "failed-4340",
      "bounds": {
        "min": [
          124.47674765509201,
          352.46180715361044
        ],
        "max": [
          251.58014814530895,
          516.1410830139212
        ]
      },
      "clearances": {
        "header": 258.46180715361044,
        "copy": 208.08680715361044,
        "card": 58.68055715361044,
        "footer": 13.358916986078839
      },
      "pass": true
    },
    {
      "layout": "narrow",
      "name": "failed-c300",
      "bounds": {
        "min": [
          124.47674765509201,
          352.46180715361044
        ],
        "max": [
          251.58014814530895,
          516.1410830139212
        ]
      },
      "clearances": {
        "header": 258.46180715361044,
        "copy": 208.08680715361044,
        "card": 12.493057153610437,
        "footer": 13.358916986078839
      },
      "pass": true
    },
    {
      "layout": "narrow",
      "name": "revised-4340",
      "bounds": {
        "min": [
          109.0358530259098,
          287.30111533776454
        ],
        "max": [
          347.08016516065754,
          515.8744827672842
        ]
      },
      "clearances": {
        "header": 193.30111533776454,
        "copy": 142.92611533776454,
        "card": 37.51986533776454,
        "footer": 13.625517232715765
      },
      "pass": true
    }
  ],
  "passing_candidates": [
    {
      "layout": "desktop",
      "override": {
        "fovDesktop": 7.4,
        "tgt": [
          0,
          19.2,
          -2.5
        ]
      },
      "bounds": {
        "min": [
          147.5464236172572,
          146.13754801723752
        ],
        "max": [
          504.82787138046183,
          588.1467723643786
        ]
      },
      "clearances": {
        "header": 70.34067301723752,
        "copy": 16.74692301723752,
        "card": 399.98462861953817,
        "footer": 8.353227635621352
      }
    },
    {
      "layout": "desktop",
      "override": {
        "fovDesktop": 7.4,
        "tgt": [
          0,
          19.2,
          -2.6
        ]
      },
      "bounds": {
        "min": [
          147.44596038043957,
          142.8021521291577
        ],
        "max": [
          504.79205764222206,
          584.8874541276954
        ]
      },
      "clearances": {
        "header": 67.00527712915769,
        "copy": 13.41152712915769,
        "card": 400.02044235777794,
        "footer": 11.612545872304622
      }
    },
    {
      "layout": "desktop",
      "override": {
        "fovDesktop": 7.5,
        "tgt": [
          0,
          19.2,
          -2.5
        ]
      },
      "bounds": {
        "min": [
          155.2005431852529,
          150.20040941884986
        ],
        "max": [
          507.7048788236872,
          586.299649807662
        ]
      },
      "clearances": {
        "header": 74.40353441884986,
        "copy": 20.80978441884986,
        "card": 397.1076211763128,
        "footer": 10.200350192337964
      }
    },
    {
      "layout": "desktop",
      "override": {
        "fovDesktop": 7.5,
        "tgt": [
          0,
          19.2,
          -2.6
        ]
      },
      "bounds": {
        "min": [
          155.10142321478645,
          146.90961019325457
        ],
        "max": [
          507.66954394110655,
          583.0839110200782
        ]
      },
      "clearances": {
        "header": 71.11273519325457,
        "copy": 17.518985193254565,
        "card": 397.14295605889345,
        "footer": 13.416088979921824
      }
    },
    {
      "layout": "desktop",
      "override": {
        "fovDesktop": 7.5,
        "tgt": [
          0,
          19.2,
          -2.8
        ]
      },
      "bounds": {
        "min": [
          154.90307886633636,
          140.32462002658966
        ],
        "max": [
          507.5988388768859,
          576.6491192711228
        ]
      },
      "clearances": {
        "header": 64.52774502658966,
        "copy": 10.933995026589656,
        "card": 397.2136611231141,
        "footer": 19.8508807288772
      }
    },
    {
      "layout": "desktop",
      "override": {
        "fovDesktop": 7.6,
        "tgt": [
          0,
          19.2,
          -2.5
        ]
      },
      "bounds": {
        "min": [
          162.65352241818945,
          154.15650409225006
        ],
        "max": [
          510.506282242706,
          584.5010672360676
        ]
      },
      "clearances": {
        "header": 78.35962909225006,
        "copy": 24.76587909225006,
        "card": 394.306217757294,
        "footer": 11.99893276393243
      }
    },
    {
      "layout": "desktop",
      "override": {
        "fovDesktop": 7.6,
        "tgt": [
          0,
          19.2,
          -2.6
        ]
      },
      "bounds": {
        "min": [
          162.5557104147767,
          150.9091295866898
        ],
        "max": [
          510.4714136320789,
          581.3277626861823
        ]
      },
      "clearances": {
        "header": 75.1122545866898,
        "copy": 21.5185045866898,
        "card": 394.3410863679211,
        "footer": 15.172237313817732
      }
    },
    {
      "layout": "desktop",
      "override": {
        "fovDesktop": 7.6,
        "tgt": [
          0,
          19.2,
          -2.8
        ]
      },
      "bounds": {
        "min": [
          162.35998337817435,
          144.41103361648535
        ],
        "max": [
          510.40164157756453,
          574.9778831457897
        ]
      },
      "clearances": {
        "header": 68.61415861648535,
        "copy": 15.020408616485355,
        "card": 394.41085842243547,
        "footer": 21.522116854210253
      }
    },
    {
      "layout": "desktop",
      "override": {
        "fovDesktop": 7.6,
        "tgt": [
          0,
          19.2,
          -3
        ]
      },
      "bounds": {
        "min": [
          162.16411884790978,
          137.9084711999644
        ],
        "max": [
          510.3318230400257,
          568.6236392715577
        ]
      },
      "clearances": {
        "header": 62.111596199964396,
        "copy": 8.517846199964396,
        "card": 394.4806769599743,
        "footer": 27.87636072844225
      }
    },
    {
      "layout": "desktop",
      "override": {
        "fovDesktop": 7.8,
        "tgt": [
          0,
          19.2,
          -2.5
        ]
      },
      "bounds": {
        "min": [
          176.9870045968924,
          161.76481893201958
        ],
        "max": [
          515.8939084156615,
          581.0420543459004
        ]
      },
      "clearances": {
        "header": 85.96794393201958,
        "copy": 32.37419393201958,
        "card": 388.9185915843385,
        "footer": 15.457945654099603
      }
    },
    {
      "layout": "desktop",
      "override": {
        "fovDesktop": 7.8,
        "tgt": [
          0,
          19.2,
          -2.6
        ]
      },
      "bounds": {
        "min": [
          176.89170806036452,
          158.6009583383171
        ],
        "max": [
          515.8599365337825,
          577.9503588238692
        ]
      },
      "clearances": {
        "header": 82.8040833383171,
        "copy": 29.2103333383171,
        "card": 388.9525634662175,
        "footer": 18.549641176130763
      }
    },
    {
      "layout": "desktop",
      "override": {
        "fovDesktop": 7.8,
        "tgt": [
          0,
          19.2,
          -2.8
        ]
      },
      "bounds": {
        "min": [
          176.70101460718632,
          152.26997626679304
        ],
        "max": [
          515.7919588325836,
          571.7637814462965
        ]
      },
      "clearances": {
        "header": 76.47310126679304,
        "copy": 22.879351266793037,
        "card": 389.02054116741635,
        "footer": 24.736218553703452
      }
    },
    {
      "layout": "desktop",
      "override": {
        "fovDesktop": 7.8,
        "tgt": [
          0,
          19.2,
          -3
        ]
      },
      "bounds": {
        "min": [
          176.51018719632037,
          145.93464261417753
        ],
        "max": [
          515.7239358437812,
          565.572951974046
        ]
      },
      "clearances": {
        "header": 70.13776761417753,
        "copy": 16.544017614177534,
        "card": 389.0885641562188,
        "footer": 30.927048025954036
      }
    },
    {
      "layout": "desktop",
      "override": {
        "fovDesktop": 8,
        "tgt": [
          0,
          19.2,
          -2.5
        ]
      },
      "bounds": {
        "min": [
          190.60489150128225,
          168.99329068293272
        ],
        "max": [
          521.0125587890826,
          577.7557317515827
        ]
      },
      "clearances": {
        "header": 93.19641568293272,
        "copy": 39.602665682932724,
        "card": 383.7999412109174,
        "footer": 18.744268248417256
      }
    },
    {
      "layout": "desktop",
      "override": {
        "fovDesktop": 8,
        "tgt": [
          0,
          19.2,
          -2.6
        ]
      },
      "bounds": {
        "min": [
          190.51198484762614,
          165.9087745913159
        ],
        "max": [
          520.9794388670078,
          574.7415709484592
        ]
      },
      "clearances": {
        "header": 90.1118995913159,
        "copy": 36.518149591315904,
        "card": 383.83306113299216,
        "footer": 21.758429051540816
      }
    },
    {
      "layout": "desktop",
      "override": {
        "fovDesktop": 8,
        "tgt": [
          0,
          19.2,
          -2.8
        ]
      },
      "bounds": {
        "min": [
          190.32607367756222,
          159.73656330165818
        ],
        "max": [
          520.9131659365139,
          568.7101429167884
        ]
      },
      "clearances": {
        "header": 83.93968830165818,
        "copy": 30.34593830165818,
        "card": 383.8993340634861,
        "footer": 27.789857083211587
      }
    },
    {
      "layout": "desktop",
      "override": {
        "fovDesktop": 8,
        "tgt": [
          0,
          19.2,
          -3
        ]
      },
      "bounds": {
        "min": [
          190.1400319092525,
          153.56010956151857
        ],
        "max": [
          520.8468488541562,
          562.674569426091
        ]
      },
      "clearances": {
        "header": 77.76323456151857,
        "copy": 24.169484561518573,
        "card": 383.9656511458438,
        "footer": 33.82543057390899
      }
    },
    {
      "layout": "desktop",
      "override": {
        "fovDesktop": 9.7,
        "tgt": [
          0,
          18.5,
          -3.5
        ]
      },
      "bounds": {
        "min": [
          297.062392486768,
          144.53848973224456
        ],
        "max": [
          768.6503651249261,
          586.5138905796043
        ]
      },
      "clearances": {
        "header": 68.74161473224456,
        "copy": 15.147864732244557,
        "card": 136.1621348750739,
        "footer": 9.986109420395678
      }
    },
    {
      "layout": "desktop",
      "override": {
        "fovDesktop": 10,
        "tgt": [
          0,
          18.5,
          -3.5
        ]
      },
      "bounds": {
        "min": [
          309.8122762954568,
          153.7469372544211
        ],
        "max": [
          767.183750448023,
          582.3985406739861
        ]
      },
      "clearances": {
        "header": 77.95006225442111,
        "copy": 24.356312254421113,
        "card": 137.62874955197697,
        "footer": 14.101459326013924
      }
    },
    {
      "layout": "desktop",
      "override": {
        "fovDesktop": 10,
        "tgt": [
          0,
          18.5,
          -4
        ]
      },
      "bounds": {
        "min": [
          309.3831250695952,
          141.57256141927473
        ],
        "max": [
          767.2306321030893,
          570.6755783421582
        ]
      },
      "clearances": {
        "header": 65.77568641927473,
        "copy": 12.181936419274734,
        "card": 137.5818678969107,
        "footer": 25.824421657841754
      }
    },
    {
      "layout": "narrow",
      "override": {
        "tgtNarrow": [
          0,
          9,
          -1.75
        ]
      },
      "bounds": {
        "min": [
          109.0807609559705,
          290.5302581486438
        ],
        "max": [
          347.0033309161272,
          518.9834181825745
        ]
      },
      "clearances": {
        "header": 196.53025814864378,
        "copy": 146.15525814864378,
        "card": 40.74900814864378,
        "footer": 10.516581817425504
      }
    },
    {
      "layout": "narrow",
      "override": {
        "tgtNarrow": [
          0,
          9,
          -2
        ]
      },
      "bounds": {
        "min": [
          109.0358530259098,
          287.30111533776454
        ],
        "max": [
          347.08016516065754,
          515.8744827672842
        ]
      },
      "clearances": {
        "header": 193.30111533776454,
        "copy": 142.92611533776454,
        "card": 37.51986533776454,
        "footer": 13.625517232715765
      }
    },
    {
      "layout": "narrow",
      "override": {
        "tgtNarrow": [
          0,
          9,
          -2.25
        ]
      },
      "bounds": {
        "min": [
          108.9908981266988,
          284.0686350838266
        ],
        "max": [
          347.1570771204155,
          512.762336432413
        ]
      },
      "clearances": {
        "header": 190.06863508382662,
        "copy": 139.69363508382662,
        "card": 34.28738508382662,
        "footer": 16.737663567586992
      }
    }
  ]
}
