
> jgun-portfolio@0.1.0 build
> tsc && vite build --outDir=.scratch/quality-diagnostic-dist --emptyOutDir

vite v7.3.6 building client environment for production...
transforming...
✓ 710 modules transformed.
rendering chunks...
computing gzip size...
.scratch/quality-diagnostic-dist/index.html                                   2.12 kB │ gzip:   0.70 kB
.scratch/quality-diagnostic-dist/assets/draco_wasm_wrapper-fZCQGLGb.js       58.46 kB
.scratch/quality-diagnostic-dist/assets/draco_wasm_wrapper-DxJM36Ib.js       58.76 kB
.scratch/quality-diagnostic-dist/assets/draco_decoder-Z1_iN-Ht.wasm         192.42 kB │ gzip:  63.46 kB
.scratch/quality-diagnostic-dist/assets/draco_decoder-C32yEggz.wasm         285.75 kB │ gzip:  88.64 kB
.scratch/quality-diagnostic-dist/assets/draco_decoder-fzg4nYZr.js           719.41 kB
.scratch/quality-diagnostic-dist/assets/QuietMachinePreview-TUd1Nev4.css      2.60 kB │ gzip:   0.98 kB
.scratch/quality-diagnostic-dist/assets/RingInspection-Bgb0Kbjs.css          11.70 kB │ gzip:   3.02 kB
.scratch/quality-diagnostic-dist/assets/index-CddUWpSY.css                   40.51 kB │ gzip:   7.78 kB
.scratch/quality-diagnostic-dist/assets/vanilla-m3Xdu9cz.js                   0.34 kB │ gzip:   0.25 kB
.scratch/quality-diagnostic-dist/assets/BootSequence-CWDxHiin.js              3.02 kB │ gzip:   1.55 kB
.scratch/quality-diagnostic-dist/assets/script-kl-7jIz4.js                    3.36 kB │ gzip:   1.70 kB
.scratch/quality-diagnostic-dist/assets/QuietMachinePreview-C15D7FDP.js       6.51 kB │ gzip:   3.00 kB
.scratch/quality-diagnostic-dist/assets/RingInspection-BmDgf-FN.js           19.10 kB │ gzip:   6.37 kB
.scratch/quality-diagnostic-dist/assets/ScrollRig-DccqKVbp.js                20.85 kB │ gzip:   6.36 kB
.scratch/quality-diagnostic-dist/assets/QuietMachineScene-CWapclC7.js        30.91 kB │ gzip:  12.22 kB
.scratch/quality-diagnostic-dist/assets/ScrollTrigger-a3sj5zmn.js           114.01 kB │ gzip:  45.16 kB
.scratch/quality-diagnostic-dist/assets/sectionRenderPass-7BDf-TXw.js       318.34 kB │ gzip:  94.38 kB
.scratch/quality-diagnostic-dist/assets/SceneCanvas-D3U1n6bS.js             469.38 kB │ gzip: 168.23 kB
.scratch/quality-diagnostic-dist/assets/index-DNmI5KJC.js                 1,147.16 kB │ gzip: 338.50 kB

(!) Some chunks are larger than 500 kB after minification. Consider:
- Using dynamic import() to code-split the application
- Use build.rollupOptions.output.manualChunks to improve chunking: https://rollupjs.org/configuration-options/#output-manualchunks
- Adjust chunk size limit for this warning via build.chunkSizeWarningLimit.
✓ built in 16.04s
