{
  "status": "verified",
  "generatedAt": "2026-10-08T13:29:20.248Z",
  "url": "http://localhost:5199/",
  "key": "ab313a48a30ac0dd2d2d20c2bb7963f8d80517bfc61bfe7fdacd72728f5f15fc:non-indexed:89ba77022f7cb0bf349e9606a030dfd713b0633d332db425b5df3d5edae85c74",
  "cacheVersion": 8,
  "containerVersion": 3,
  "environment": {
    "channel": "chrome",
    "browserVersion": "154.0.8037.98",
    "platform": "win32",
    "osRelease": "10.0.26340",
    "cpu": "AMD Ryzen 7 8745HS w/ Radeon 780M Graphics     ",
    "viewport": {
      "width": 1440,
      "height": 1000
    },
    "deviceScaleFactor": 2
  },
  "method": "One sample each: fresh-context live bake with cache bypass; fresh-context precompute load; same-context precompute reload. Timing ends at first sheet-stats publication (not first visible frame). Browser/GPU process and Vite server are shared and may be warm. HTTP cache behavior on reload is server-dependent. No claim of OS/disk/GPU-cold timing.",
  "coldLive": {
    "navigationToSheetStatsMs": 6795,
    "stats": {
      "edgeSetMs": 1177.5999999940395,
      "hardEdges": 385817,
      "smoothEdges": 886494,
      "airMotorCutDepth": 0.03993150964379325,
      "airMotorCutSegments": 4070,
      "sideSegments": 18370,
      "sideMs": 337.30000001192093,
      "topSegments": 11031,
      "topMs": 97.40000000596046,
      "sectionSegments": 99355,
      "sectionMs": 81.09999999403954,
      "hatch": 1089,
      "frontSegments": 15538,
      "frontMs": 86.80000001192093,
      "rearSegments": 17752,
      "rearMs": 92.69999998807907,
      "bottomSegments": 16244,
      "bottomMs": 86.59999999403954,
      "segments": 226783,
      "fills": 21,
      "texts": 254,
      "totalMs": 2291.4000000059605,
      "cacheMs": 2.0999999940395355,
      "precomputed": 0,
      "extractMs": 649.8000000119209,
      "bakeMs": 3597,
      "flexFieldPeak": 1,
      "flexAmplitude": 0,
      "flexPeakDisplacement": 0,
      "flexEnabled": 0,
      "flexNormalX": 0,
      "flexNormalY": 0,
      "flexNormalZ": 1,
      "contactShadow": 0,
      "contactRadius": 0,
      "vellum": 0
    },
    "devicePixelRatio": 2
  },
  "coldPrecomputed": {
    "navigationToSheetStatsMs": 4116,
    "stats": {
      "edgeSetMs": 0,
      "hardEdges": 385817,
      "smoothEdges": 886494,
      "airMotorCutDepth": 0.03993150964379325,
      "airMotorCutSegments": 4070,
      "sideSegments": 18370,
      "sideMs": 329.89999997615814,
      "topSegments": 11031,
      "topMs": 91.10000002384186,
      "sectionSegments": 99355,
      "sectionMs": 79.19999998807907,
      "hatch": 1089,
      "frontSegments": 15538,
      "frontMs": 92.59999999403954,
      "rearSegments": 17752,
      "rearMs": 101.2999999821186,
      "bottomSegments": 16244,
      "bottomMs": 89,
      "segments": 226783,
      "fills": 21,
      "texts": 254,
      "totalMs": 0,
      "cacheHit": 1,
      "precomputed": 1,
      "cacheMs": 708.5,
      "extractMs": 617.6000000238419,
      "bakeMs": 1868.2000000178814,
      "flexFieldPeak": 1,
      "flexAmplitude": 0,
      "flexPeakDisplacement": 0,
      "flexEnabled": 0,
      "flexNormalX": 0,
      "flexNormalY": 0,
      "flexNormalZ": 1,
      "contactShadow": 0,
      "contactRadius": 0,
      "vellum": 0
    },
    "devicePixelRatio": 2
  },
  "warmReload": {
    "navigationToSheetStatsMs": 4071.5,
    "stats": {
      "edgeSetMs": 0,
      "hardEdges": 385817,
      "smoothEdges": 886494,
      "airMotorCutDepth": 0.03993150964379325,
      "airMotorCutSegments": 4070,
      "sideSegments": 18370,
      "sideMs": 329.89999997615814,
      "topSegments": 11031,
      "topMs": 91.10000002384186,
      "sectionSegments": 99355,
      "sectionMs": 79.19999998807907,
      "hatch": 1089,
      "frontSegments": 15538,
      "frontMs": 92.59999999403954,
      "rearSegments": 17752,
      "rearMs": 101.2999999821186,
      "bottomSegments": 16244,
      "bottomMs": 89,
      "segments": 226783,
      "fills": 21,
      "texts": 254,
      "totalMs": 0,
      "cacheHit": 1,
      "precomputed": 1,
      "cacheMs": 703.9000000059605,
      "extractMs": 629.7999999821186,
      "bakeMs": 1855.4000000059605,
      "flexFieldPeak": 1,
      "flexAmplitude": 0,
      "flexPeakDisplacement": 0,
      "flexEnabled": 0,
      "flexNormalX": 0,
      "flexNormalY": 0,
      "flexNormalZ": 1,
      "contactShadow": 0,
      "contactRadius": 0,
      "vellum": 0
    },
    "devicePixelRatio": 2
  },
  "exact": true,
  "containerBytes": 16560736,
  "gzipBytes": 4205481,
  "legacyJsonBytesForComparison": 26822028
}
