00:05.359  blend            | Read blend: "C:\Projects\CAD\jgun-input-shaft-hobbed\shifted\input-shaft-assembly-parts-v1.blend"
Warning: File written by newer Blender binary (502.45), expect loss of data!
OCCUPANCY legacy 6.0691461855687405e-06
OCCUPANCY approved 0.499183241709283
FIT legacy shaper 6 best_signed -0.306131511926651 all_clock_bound 0.17941175680699123
FIT legacy shaper 10.3248584 best_signed -0.2301245629787445 all_clock_bound 0.10340480785908474
HULL legacy shaper cutter 0.9442005172298397
HULL legacy shaper hub 6.146009100334361
HULL legacy shaper arbor 9.427047152053262
HULL legacy shaper holder 22.397693215221782
FIT legacy shaper 6 best_signed 0.0017685811035335064 all_clock_bound None
FIT legacy shaper 10.6 best_signed 0 all_clock_bound None
HULL legacy shaper cutter 0.9690589172298402
HULL legacy shaper hub 6.528862678088496
HULL legacy shaper arbor 9.659284100630435
HULL legacy shaper holder 22.246156780032504
FIT approved hob 6.35 best_signed -0.23265814781188965 all_clock_bound 0.10593839269222988
FIT approved hob 9.5248584 best_signed -0.12597376108169556 all_clock_bound None
HULL approved hob cutter 0.755227842945769
HULL approved hob left_arbor 6.602067602797683
HULL approved hob right_arbor 5.022224242419238
HULL approved hob left_holder 12.069473521144117
HULL approved hob right_holder 10.374551729338105
FIT approved hob 6.35 best_signed -0.1681174337863922 all_clock_bound 0.04139767866673243
FIT approved hob 9.5248584 best_signed -0.12559674680233002 all_clock_bound None
HULL approved hob cutter -0.05158425637668198
HULL approved hob left_arbor 4.940509909169121
HULL approved hob right_arbor 4.702808451047011
HULL approved hob left_holder 7.463161506437859
HULL approved hob right_holder 6.504430434932696
G0_CLEARANCE_V2_DONE
Blender 5.1.1 (hash b70da489d7f4 built 2026-04-14 01:37:22)

Blender quit
