{
  "knownStale": [
    "lite cap triangles 165216 != full 154554 (rl300-lite.glb is not derived from the current msp-enclosure.glb; owner: QM9 lite policy / asset decision)",
    "lite airway helper is 24 triangles, full is 28 (rl300-lite.glb predates the 2026-09-24 export)"
  ],
  "build": "9d8dd122cd898e8f5eaeb3519c93843b13f924337b0ac9c9ee7296891e828162",
  "composer": "direct",
  "ruledParts": 24,
  "checks": {
    "desktop": {
      "reverse": {
        "section": {
          "changed": 0,
          "fraction": 0,
          "meanChannelDelta": 0
        },
        "intake": {
          "changed": 0,
          "fraction": 0,
          "meanChannelDelta": 0
        },
        "exterior": {
          "changed": 0,
          "fraction": 0,
          "meanChannelDelta": 0
        }
      },
      "capPixels": {
        "changed": 16477,
        "fraction": 0.02116457166051395,
        "meanChannelDelta": 2.3305125893042935
      },
      "closedCaps": {
        "changed": 11,
        "fraction": 0.000014129409981529008,
        "meanChannelDelta": 0.00024405344513550104
      },
      "idleFrames": 0,
      "frameResponseMs": {
        "p50": 16.700000002980232,
        "p95": 17.30000001192093
      },
      "renderCpuMs": {
        "p50": 1.7999999970197678,
        "p95": 2.300000011920929
      }
    },
    "portrait": {
      "reverse": {
        "section": {
          "changed": 0,
          "fraction": 0,
          "meanChannelDelta": 0
        },
        "intake": {
          "changed": 0,
          "fraction": 0,
          "meanChannelDelta": 0
        },
        "exterior": {
          "changed": 0,
          "fraction": 0,
          "meanChannelDelta": 0
        }
      },
      "capPixels": {
        "changed": 2868,
        "fraction": 0.016378276511906802,
        "meanChannelDelta": 1.8330991947918451
      },
      "closedCaps": {
        "changed": 3,
        "fraction": 0.00001713208840157615,
        "meanChannelDelta": 0.0004625663868425561
      },
      "idleFrames": 0,
      "frameResponseMs": {
        "p50": 16.69999998807907,
        "p95": 18.30000001192093
      },
      "renderCpuMs": {
        "p50": 1.7999999970197678,
        "p95": 2.7999999970197678
      }
    },
    "tablet": {
      "reverse": {
        "section": {
          "changed": 0,
          "fraction": 0,
          "meanChannelDelta": 0
        },
        "intake": {
          "changed": 0,
          "fraction": 0,
          "meanChannelDelta": 0
        },
        "exterior": {
          "changed": 0,
          "fraction": 0,
          "meanChannelDelta": 0
        }
      },
      "capPixels": {
        "changed": 11337,
        "fraction": 0.024809611344537814,
        "meanChannelDelta": 2.427361257002801
      },
      "closedCaps": {
        "changed": 3,
        "fraction": 0.0000065651260504201685,
        "meanChannelDelta": 0.00012765522875816994
      },
      "idleFrames": 0,
      "frameResponseMs": {
        "p50": 16.69999998807907,
        "p95": 17.400000005960464
      },
      "renderCpuMs": {
        "p50": 1.7999999970197678,
        "p95": 2.2999999970197678
      }
    },
    "lite": {
      "reverse": {
        "section": {
          "changed": 0,
          "fraction": 0,
          "meanChannelDelta": 0
        },
        "intake": {
          "changed": 0,
          "fraction": 0,
          "meanChannelDelta": 0
        },
        "exterior": {
          "changed": 0,
          "fraction": 0,
          "meanChannelDelta": 0
        }
      },
      "capPixels": {
        "changed": 2868,
        "fraction": 0.016378276511906802,
        "meanChannelDelta": 1.8138046561209145
      },
      "closedCaps": {
        "changed": 3,
        "fraction": 0.00001713208840157615,
        "meanChannelDelta": 0.0004492414291968858
      },
      "idleFrames": 0,
      "frameResponseMs": {
        "p50": 16.700000002980232,
        "p95": 18
      },
      "renderCpuMs": {
        "p50": 1.5,
        "p95": 2.3999999910593033
      }
    },
    "reducedMotionPoster": "pass: poster without a canvas, scroll inert, controls swap the poster",
    "contextLoss": "pass: webglcontextlost falls back to the poster",
    "poster": "pass: readable poster views without a canvas",
    "asset-failure": "pass: readable poster views without a canvas",
    "lite-asset-failure": "pass: readable poster views without a canvas"
  },
  "errors": []
}
