command: npm run preview -- --host localhost --port 4173 --strictPort
started: 
2026-10-08T23:27:50.9349798Z

> jgun-portfolio@0.1.0 preview
> vite preview --host localhost --port 4173 --strictPort

error when starting preview server:
Error: Port 4173 is already in use
    at Server.onError$1 (file:///C:/Users/Markimus/.buzz/REPOS/jgun-portfolio/node_modules/vite/dist/node/chunks/config.js:15006:28)
    at Server.emit (node:events:519:28)
    at emitErrorNT (node:net:1976:8)
    at process.processTicksAndRejections (node:internal/process/task_queues:90:21)
retry: command: npm run preview -- --host localhost --port 4173 --strictPort
started: 
2026-10-08T23:28:52.3919077Z

> jgun-portfolio@0.1.0 preview
> vite preview --host localhost --port 4173 --strictPort

error when starting preview server:
Error: Port 4173 is already in use
    at Server.onError$1 (file:///C:/Users/Markimus/.buzz/REPOS/jgun-portfolio/node_modules/vite/dist/node/chunks/config.js:15006:28)
    at Server.emit (node:events:519:28)
    at emitErrorNT (node:net:1976:8)
    at process.processTicksAndRejections (node:internal/process/task_queues:90:21)
retry2: command: npm run preview -- --host 127.0.0.1 --port 4173 --strictPort
started: 
2026-10-08T23:29:54.6946902Z

> jgun-portfolio@0.1.0 preview
> vite preview --host 127.0.0.1 --port 4173 --strictPort

  ➜  Local:   http://127.0.0.1:4173/
