[{"case":"readiness-ordering-desktop","pass":true,"failures":[]}]
[{"case":"pause-hidden-seek-desktop","pass":false,"failures":["Error: continuous playback state at 4.616600000001 differs from direct seek digest\n    at check (file:///C:/Users/Markimus/.buzz/REPOS/jgun-portfolio/scripts/verify-manufacturing-inspection.mjs:60:63)\n    at casePauseHiddenSeek (file:///C:/Users/Markimus/.buzz/REPOS/jgun-portfolio/scripts/verify-manufacturing-inspection.mjs:570:5)\n    at async runCase (file:///C:/Users/Markimus/.buzz/REPOS/jgun-portfolio/scripts/verify-manufacturing-inspection.mjs:1039:19)\n    at async file:///C:/Users/Markimus/.buzz/REPOS/jgun-portfolio/scripts/verify-manufacturing-inspection.mjs:1048:5"]}]
[{"case":"restore-desktop","pass":false,"failures":["Error: loading failure did not surface error status\n    at check (file:///C:/Users/Markimus/.buzz/REPOS/jgun-portfolio/scripts/verify-manufacturing-inspection.mjs:60:63)\n    at caseRestoreDesktop (file:///C:/Users/Markimus/.buzz/REPOS/jgun-portfolio/scripts/verify-manufacturing-inspection.mjs:707:7)\n    at async runCase (file:///C:/Users/Markimus/.buzz/REPOS/jgun-portfolio/scripts/verify-manufacturing-inspection.mjs:1039:19)\n    at async file:///C:/Users/Markimus/.buzz/REPOS/jgun-portfolio/scripts/verify-manufacturing-inspection.mjs:1049:5"]}]
[{"case":"census-lifecycle-desktop","pass":true,"failures":[]},{"case":"reduced-motion-static","pass":true,"failures":[]},{"case":"poster-static","pass":true,"failures":[]}]
[{"case":"ring-rendering-desktop","pass":true,"failures":[]}]
[{"case":"readiness-ordering-narrow","pass":true,"failures":[]}]
[{"case":"pause-hidden-seek-narrow","pass":false,"failures":["Error: continuous playback state at 4.607199999996 differs from direct seek digest\n    at check (file:///C:/Users/Markimus/.buzz/REPOS/jgun-portfolio/scripts/verify-manufacturing-inspection.mjs:60:63)\n    at casePauseHiddenSeek (file:///C:/Users/Markimus/.buzz/REPOS/jgun-portfolio/scripts/verify-manufacturing-inspection.mjs:570:5)\n    at async runCase (file:///C:/Users/Markimus/.buzz/REPOS/jgun-portfolio/scripts/verify-manufacturing-inspection.mjs:1039:19)\n    at async file:///C:/Users/Markimus/.buzz/REPOS/jgun-portfolio/scripts/verify-manufacturing-inspection.mjs:1048:5"]}]
[{"case":"restore-narrow","pass":false,"failures":["Error: loading failure did not surface error status\n    at check (file:///C:/Users/Markimus/.buzz/REPOS/jgun-portfolio/scripts/verify-manufacturing-inspection.mjs:60:63)\n    at caseRestoreDesktop (file:///C:/Users/Markimus/.buzz/REPOS/jgun-portfolio/scripts/verify-manufacturing-inspection.mjs:707:7)\n    at async runCase (file:///C:/Users/Markimus/.buzz/REPOS/jgun-portfolio/scripts/verify-manufacturing-inspection.mjs:1039:19)\n    at async file:///C:/Users/Markimus/.buzz/REPOS/jgun-portfolio/scripts/verify-manufacturing-inspection.mjs:1049:5"]}]
[{"case":"census-lifecycle-narrow","pass":false,"failures":["Error: renderer programs net growth 128 -> 129\n    at check (file:///C:/Users/Markimus/.buzz/REPOS/jgun-portfolio/scripts/verify-manufacturing-inspection.mjs:60:63)\n    at caseCensusLifecycle (file:///C:/Users/Markimus/.buzz/REPOS/jgun-portfolio/scripts/verify-manufacturing-inspection.mjs:845:7)\n    at async runCase (file:///C:/Users/Markimus/.buzz/REPOS/jgun-portfolio/scripts/verify-manufacturing-inspection.mjs:1039:19)\n    at async file:///C:/Users/Markimus/.buzz/REPOS/jgun-portfolio/scripts/verify-manufacturing-inspection.mjs:1050:5"]}]
[{"case":"ring-rendering-narrow","pass":true,"failures":[]}]
{
  "report": "C:\\Users\\Markimus\\.buzz\\REPOS\\jgun-portfolio\\project\\work\\evidence\\JG-035-opening-drafting-table\\manufacturing-implementation-2026-10-05\\runtime\\lifecycle\\report.json",
  "timeline": {
    "INSPECTION_DURATION": 12,
    "TRAVERSE_START": 4.2,
    "TRAVERSE_END": 6.2,
    "WHEEL_RADIUS": 0.0115,
    "WHEEL_WIDTH": 0.0075,
    "SHOULDER": 0.0016,
    "CLIP_START": 0.03333333333333333,
    "CLIP_CONTACT_START": 1.5,
    "CLIP_TRAVERSE_START": 1.8333333333333333,
    "CLIP_TRAVERSE_END": 3.8333333333333335,
    "CLIP_CONTACT_END": 4,
    "CLIP_END": 5,
    "APPROACH_START": 2.8,
    "CONTACT_START": 3.8,
    "CONTACT_DWELL": 0.40000000000000036,
    "TOOL_FADE_START": 7.7,
    "TOOL_FADE_END": 8.2,
    "TOOL_FADE_MIN_CLEARANCE": 0.01,
    "BLACK_FINISH_START": 9.3,
    "RETURN_START": 10.5,
    "RING_RADIUS": 0.037721828140947954,
    "RING_WIDTH": 0.027204217025541766,
    "RING_FEATURES": 96,
    "ROLLER_TEETH": 128,
    "LITE_FPS": 30,
    "MAX_FEATURE_HZ": 7.5,
    "SPIN_RATE": 12.566370614359172,
    "COVERAGE_TIME": 0.255,
    "FORMING_END": 6.455,
    "CONTACT_END": 6.485714285714286,
    "FINAL_ANGLE": 50.26548245743669
  },
  "cases": [
    {
      "name": "readiness-ordering-desktop",
      "pass": true,
      "failures": [],
      "errorCount": 0,
      "firstErrors": []
    },
    {
      "name": "pause-hidden-seek-desktop",
      "pass": false,
      "failures": [
        "Error: continuous playback state at 4.616600000001 differs from direct seek digest\n    at check (file:///C:/Users/Markimus/.buzz/REPOS/jgun-portfolio/scripts/verify-manufacturing-inspection.mjs:60:63)\n    at casePauseHiddenSeek (file:///C:/Users/Markimus/.buzz/REPOS/jgun-portfolio/scripts/verify-manufacturing-inspection.mjs:570:5)\n    at async runCase (file:///C:/Users/Markimus/.buzz/REPOS/jgun-portfolio/scripts/verify-manufacturing-inspection.mjs:1039:19)\n    at async file:///C:/Users/Markimus/.buzz/REPOS/jgun-portfolio/scripts/verify-manufacturing-inspection.mjs:1048:5"
      ],
      "errorCount": 0,
      "firstErrors": []
    },
    {
      "name": "restore-desktop",
      "pass": false,
      "failures": [
        "Error: loading failure did not surface error status\n    at check (file:///C:/Users/Markimus/.buzz/REPOS/jgun-portfolio/scripts/verify-manufacturing-inspection.mjs:60:63)\n    at caseRestoreDesktop (file:///C:/Users/Markimus/.buzz/REPOS/jgun-portfolio/scripts/verify-manufacturing-inspection.mjs:707:7)\n    at async runCase (file:///C:/Users/Markimus/.buzz/REPOS/jgun-portfolio/scripts/verify-manufacturing-inspection.mjs:1039:19)\n    at async file:///C:/Users/Markimus/.buzz/REPOS/jgun-portfolio/scripts/verify-manufacturing-inspection.mjs:1049:5"
      ],
      "errorCount": 0,
      "firstErrors": []
    },
    {
      "name": "census-lifecycle-desktop",
      "pass": true,
      "failures": [],
      "errorCount": 0,
      "firstErrors": []
    },
    {
      "name": "reduced-motion-static",
      "pass": true,
      "failures": [],
      "errorCount": 0,
      "firstErrors": []
    },
    {
      "name": "poster-static",
      "pass": true,
      "failures": [],
      "errorCount": 0,
      "firstErrors": []
    },
    {
      "name": "ring-rendering-desktop",
      "pass": true,
      "failures": [],
      "errorCount": 0,
      "firstErrors": []
    },
    {
      "name": "readiness-ordering-narrow",
      "pass": true,
      "failures": [],
      "errorCount": 0,
      "firstErrors": []
    },
    {
      "name": "pause-hidden-seek-narrow",
      "pass": false,
      "failures": [
        "Error: continuous playback state at 4.607199999996 differs from direct seek digest\n    at check (file:///C:/Users/Markimus/.buzz/REPOS/jgun-portfolio/scripts/verify-manufacturing-inspection.mjs:60:63)\n    at casePauseHiddenSeek (file:///C:/Users/Markimus/.buzz/REPOS/jgun-portfolio/scripts/verify-manufacturing-inspection.mjs:570:5)\n    at async runCase (file:///C:/Users/Markimus/.buzz/REPOS/jgun-portfolio/scripts/verify-manufacturing-inspection.mjs:1039:19)\n    at async file:///C:/Users/Markimus/.buzz/REPOS/jgun-portfolio/scripts/verify-manufacturing-inspection.mjs:1048:5"
      ],
      "errorCount": 0,
      "firstErrors": []
    },
    {
      "name": "restore-narrow",
      "pass": false,
      "failures": [
        "Error: loading failure did not surface error status\n    at check (file:///C:/Users/Markimus/.buzz/REPOS/jgun-portfolio/scripts/verify-manufacturing-inspection.mjs:60:63)\n    at caseRestoreDesktop (file:///C:/Users/Markimus/.buzz/REPOS/jgun-portfolio/scripts/verify-manufacturing-inspection.mjs:707:7)\n    at async runCase (file:///C:/Users/Markimus/.buzz/REPOS/jgun-portfolio/scripts/verify-manufacturing-inspection.mjs:1039:19)\n    at async file:///C:/Users/Markimus/.buzz/REPOS/jgun-portfolio/scripts/verify-manufacturing-inspection.mjs:1049:5"
      ],
      "errorCount": 0,
      "firstErrors": []
    },
    {
      "name": "census-lifecycle-narrow",
      "pass": false,
      "failures": [
        "Error: renderer programs net growth 128 -> 129\n    at check (file:///C:/Users/Markimus/.buzz/REPOS/jgun-portfolio/scripts/verify-manufacturing-inspection.mjs:60:63)\n    at caseCensusLifecycle (file:///C:/Users/Markimus/.buzz/REPOS/jgun-portfolio/scripts/verify-manufacturing-inspection.mjs:845:7)\n    at async runCase (file:///C:/Users/Markimus/.buzz/REPOS/jgun-portfolio/scripts/verify-manufacturing-inspection.mjs:1039:19)\n    at async file:///C:/Users/Markimus/.buzz/REPOS/jgun-portfolio/scripts/verify-manufacturing-inspection.mjs:1050:5"
      ],
      "errorCount": 0,
      "firstErrors": []
    },
    {
      "name": "ring-rendering-narrow",
      "pass": true,
      "failures": [],
      "errorCount": 0,
      "firstErrors": []
    }
  ],
  "gates": {
    "V1": true,
    "V2": false,
    "V3": false,
    "V4": false,
    "V5": true
  },
  "defects": [],
  "failures": [
    "pause-hidden-seek-desktop: Error: continuous playback state at 4.616600000001 differs from direct seek digest",
    "restore-desktop: Error: loading failure did not surface error status",
    "pause-hidden-seek-narrow: Error: continuous playback state at 4.607199999996 differs from direct seek digest",
    "restore-narrow: Error: loading failure did not surface error status",
    "census-lifecycle-narrow: Error: renderer programs net growth 128 -> 129"
  ]
}
